============================= test session starts =============================
platform win32 -- Python 3.9.13, pytest-7.1.3, pluggy-1.5.0 -- C:\Users\febor\YandexDisk\Data Sciense\SkillFacroty\VIVT\Prikladnoe_program\Django\django_sprint3-main\venv\Scripts\python.exe
django: settings: blogicum.settings (from ini)
rootdir: C:\Users\febor\YandexDisk\Data Sciense\SkillFacroty\VIVT\Prikladnoe_program\Django\django_sprint3-main, configfile: pytest.ini, testpaths: tests/
plugins: Faker-12.0.1, django-4.5.2
collecting ... collected 82 items

tests/test_category_page_views.py::test_category_page PASSED             [  1%]
tests/test_category_page_views.py::test_category_page_check_context_keys[title] PASSED [  2%]
tests/test_category_page_views.py::test_category_page_check_context_keys[key1] PASSED [  3%]
tests/test_category_page_views.py::test_category_page_check_context_keys[key2] PASSED [  4%]
tests/test_category_page_views.py::test_category_page_check_context_keys[key3] PASSED [  6%]
tests/test_category_page_views.py::test_category_page_category_unpublished PASSED [  7%]
tests/test_category_page_views.py::test_category_page_posts_unpublished PASSED [  8%]
tests/test_category_page_views.py::test_category_page_pub_date_later_today PASSED [  9%]
tests/test_category_page_views.py::test_category_page_posts_with_location PASSED [ 10%]
tests/test_category_page_views.py::test_category_page_posts_with_unpublished_locations PASSED [ 12%]
tests/test_category_page_views.py::test_many_posts_on_category_page PASSED [ 13%]
tests/test_category_page_views.py::test_no_other_posts_on_category_page PASSED [ 14%]
tests/test_pageapp_views.py::test_pageapp_views[about] PASSED            [ 15%]
tests/test_pageapp_views.py::test_pageapp_views[rules] PASSED            [ 17%]
tests/test_post_detail_views.py::test_posts_page_pk_published_location PASSED [ 18%]
tests/test_post_detail_views.py::test_posts_page_pk_unpublished_location PASSED [ 19%]
tests/test_post_detail_views.py::test_posts_page_pk_post_doesnt_exists PASSED [ 20%]
tests/test_post_detail_views.py::test_posts_page_pk_check_context_keys[title] PASSED [ 21%]
tests/test_post_detail_views.py::test_posts_page_pk_check_context_keys[text] PASSED [ 23%]
tests/test_post_detail_views.py::test_posts_page_pk_check_context_keys[key2] PASSED [ 24%]
tests/test_post_detail_views.py::test_posts_page_pk_check_context_keys[key3] PASSED [ 25%]
tests/test_post_detail_views.py::test_posts_page_pk_check_context_keys[key4] PASSED [ 26%]
tests/test_post_detail_views.py::test_posts_page_pk_unpublished_post PASSED [ 28%]
tests/test_post_detail_views.py::test_posts_page_pk_pub_date_later_today PASSED [ 29%]
tests/test_post_detail_views.py::test_posts_page_pk_category_unpublished PASSED [ 30%]
tests/test_post_detail_views.py::test_posts_page_pk_post_with_published_location_and_category PASSED [ 31%]
tests/test_post_model.py::TestCategoryModelAttrs::test_model_attrs[title-CharField-params0] <- tests\conftest.py PASSED [ 32%]
tests/test_post_model.py::TestCategoryModelAttrs::test_model_attrs[text-TextField-params1] <- tests\conftest.py PASSED [ 34%]
tests/test_post_model.py::TestCategoryModelAttrs::test_model_attrs[pub_date-DateTimeField-params2] <- tests\conftest.py PASSED [ 35%]
tests/test_post_model.py::TestCategoryModelAttrs::test_model_attrs[author-ForeignKey-params3] <- tests\conftest.py PASSED [ 36%]
tests/test_post_model.py::TestCategoryModelAttrs::test_model_attrs[location-ForeignKey-params4] <- tests\conftest.py PASSED [ 37%]
tests/test_post_model.py::TestCategoryModelAttrs::test_model_attrs[category-ForeignKey-params5] <- tests\conftest.py PASSED [ 39%]
tests/test_post_model.py::TestCategoryModelAttrs::test_model_attrs[is_published-BooleanField-params6] <- tests\conftest.py PASSED [ 40%]
tests/test_post_model.py::TestCategoryModelAttrs::test_model_attrs[created_at-DateTimeField-params7] <- tests\conftest.py PASSED [ 41%]
tests/test_post_model.py::test_author_on_delete PASSED                   [ 42%]
tests/test_post_model.py::test_location_on_delete PASSED                 [ 43%]
tests/test_posts_page_views.py::test_all_unpublished PASSED              [ 45%]
tests/test_posts_page_views.py::test_mixed_published PASSED              [ 46%]
tests/test_posts_page_views.py::test_check_context_keys[title] PASSED    [ 47%]
tests/test_posts_page_views.py::test_check_context_keys[key1] PASSED     [ 48%]
tests/test_posts_page_views.py::test_check_context_keys[key2] PASSED     [ 50%]
tests/test_posts_page_views.py::test_check_context_keys[key3] PASSED     [ 51%]
tests/test_posts_page_views.py::test_category_unpublished PASSED         [ 52%]
tests/test_posts_page_views.py::test_pub_date_later_today PASSED         [ 53%]
tests/test_posts_page_views.py::test_posts_with_published_location PASSED [ 54%]
tests/test_posts_page_views.py::test_posts_with_unpublished_locations PASSED [ 56%]
tests/test_posts_page_views.py::test_many_posts_on_main_page PASSED      [ 57%]
tests/test_admin_page.py::test_admin_register PASSED                     [ 58%]
tests/test_category_model.py::TestCategoryModelAttrs::test_model_attrs[title-CharField-params0] <- tests\conftest.py PASSED [ 59%]
tests/test_category_model.py::TestCategoryModelAttrs::test_model_attrs[description-TextField-params1] <- tests\conftest.py PASSED [ 60%]
tests/test_category_model.py::TestCategoryModelAttrs::test_model_attrs[slug-SlugField-params2] <- tests\conftest.py PASSED [ 62%]
tests/test_category_model.py::TestCategoryModelAttrs::test_model_attrs[is_published-BooleanField-params3] <- tests\conftest.py PASSED [ 63%]
tests/test_category_model.py::TestCategoryModelAttrs::test_model_attrs[created_at-DateTimeField-params4] <- tests\conftest.py PASSED [ 64%]
tests/test_localization.py::test_rus_localization PASSED                 [ 65%]
tests/test_localization.py::test_blog_in_rus PASSED                      [ 67%]
tests/test_localization.py::test_models_translated[Category-\u043a\u0430\u0442\u0435\u0433\u043e\u0440\u0438\u044f-\u041a\u0430\u0442\u0435\u0433\u043e\u0440\u0438\u0438] PASSED [ 68%]
tests/test_localization.py::test_models_translated[Location-\u043c\u0435\u0441\u0442\u043e\u043f\u043e\u043b\u043e\u0436\u0435\u043d\u0438\u0435-\u041c\u0435\u0441\u0442\u043e\u043f\u043e\u043b\u043e\u0436\u0435\u043d\u0438\u044f] PASSED [ 69%]
tests/test_localization.py::test_models_translated[Post-\u043f\u0443\u0431\u043b\u0438\u043a\u0430\u0446\u0438\u044f-\u041f\u0443\u0431\u043b\u0438\u043a\u0430\u0446\u0438\u0438] PASSED [ 70%]
tests/test_localization.py::test_models_params_translate[Category-is_published-\u041e\u043f\u0443\u0431\u043b\u0438\u043a\u043e\u0432\u0430\u043d\u043e] PASSED [ 71%]
tests/test_localization.py::test_models_params_translate[Category-title-\u0417\u0430\u0433\u043e\u043b\u043e\u0432\u043e\u043a] PASSED [ 73%]
tests/test_localization.py::test_models_params_translate[Category-slug-\u0418\u0434\u0435\u043d\u0442\u0438\u0444\u0438\u043a\u0430\u0442\u043e\u0440] PASSED [ 74%]
tests/test_localization.py::test_models_params_translate[Category-description-\u041e\u043f\u0438\u0441\u0430\u043d\u0438\u0435] PASSED [ 75%]
tests/test_localization.py::test_models_params_translate[Category-created_at-\u0414\u043e\u0431\u0430\u0432\u043b\u0435\u043d\u043e] PASSED [ 76%]
tests/test_localization.py::test_models_params_translate[Location-name-\u041d\u0430\u0437\u0432\u0430\u043d\u0438\u0435 \u043c\u0435\u0441\u0442\u0430] PASSED [ 78%]
tests/test_localization.py::test_models_params_translate[Location-created_at-\u0414\u043e\u0431\u0430\u0432\u043b\u0435\u043d\u043e] PASSED [ 79%]
tests/test_localization.py::test_models_params_translate[Location-is_published-\u041e\u043f\u0443\u0431\u043b\u0438\u043a\u043e\u0432\u0430\u043d\u043e] PASSED [ 80%]
tests/test_localization.py::test_models_params_translate[Post-pub_date-\u0414\u0430\u0442\u0430 \u0438 \u0432\u0440\u0435\u043c\u044f \u043f\u0443\u0431\u043b\u0438\u043a\u0430\u0446\u0438\u0438] PASSED [ 81%]
tests/test_localization.py::test_models_params_translate[Post-text-\u0422\u0435\u043a\u0441\u0442] PASSED [ 82%]
tests/test_localization.py::test_models_params_translate[Post-author-\u0410\u0432\u0442\u043e\u0440 \u043f\u0443\u0431\u043b\u0438\u043a\u0430\u0446\u0438\u0438] PASSED [ 84%]
tests/test_localization.py::test_models_params_translate[Post-category-\u041a\u0430\u0442\u0435\u0433\u043e\u0440\u0438\u044f] PASSED [ 85%]
tests/test_localization.py::test_models_params_translate[Post-location-\u041c\u0435\u0441\u0442\u043e\u043f\u043e\u043b\u043e\u0436\u0435\u043d\u0438\u0435] PASSED [ 86%]
tests/test_localization.py::test_models_params_translate[Post-created_at-\u0414\u043e\u0431\u0430\u0432\u043b\u0435\u043d\u043e] PASSED [ 87%]
tests/test_localization.py::test_models_params_translate[Post-is_published-\u041e\u043f\u0443\u0431\u043b\u0438\u043a\u043e\u0432\u0430\u043d\u043e] PASSED [ 89%]
tests/test_localization.py::test_help_text_translate[Category-is_published-\u0421\u043d\u0438\u043c\u0438\u0442\u0435 \u0433\u0430\u043b\u043e\u0447\u043a\u0443, \u0447\u0442\u043e\u0431\u044b \u0441\u043a\u0440\u044b\u0442\u044c \u043f\u0443\u0431\u043b\u0438\u043a\u0430\u0446\u0438\u044e.] PASSED [ 90%]
tests/test_localization.py::test_help_text_translate[Category-slug-\u0418\u0434\u0435\u043d\u0442\u0438\u0444\u0438\u043a\u0430\u0442\u043e\u0440 \u0441\u0442\u0440\u0430\u043d\u0438\u0446\u044b \u0434\u043b\u044f URL; \u0440\u0430\u0437\u0440\u0435\u0448\u0435\u043d\u044b \u0441\u0438\u043c\u0432\u043e\u043b\u044b \u043b\u0430\u0442\u0438\u043d\u0438\u0446\u044b, \u0446\u0438\u0444\u0440\u044b, \u0434\u0435\u0444\u0438\u0441 \u0438 \u043f\u043e\u0434\u0447\u0451\u0440\u043a\u0438\u0432\u0430\u043d\u0438\u0435.] PASSED [ 91%]
tests/test_localization.py::test_help_text_translate[Post-pub_date-\u0415\u0441\u043b\u0438 \u0443\u0441\u0442\u0430\u043d\u043e\u0432\u0438\u0442\u044c \u0434\u0430\u0442\u0443 \u0438 \u0432\u0440\u0435\u043c\u044f \u0432 \u0431\u0443\u0434\u0443\u0449\u0435\u043c \u2014 \u043c\u043e\u0436\u043d\u043e \u0434\u0435\u043b\u0430\u0442\u044c \u043e\u0442\u043b\u043e\u0436\u0435\u043d\u043d\u044b\u0435 \u043f\u0443\u0431\u043b\u0438\u043a\u0430\u0446\u0438\u0438.] PASSED [ 92%]
tests/test_location_model.py::TestCategoryModelAttrs::test_model_attrs[name-CharField-params0] <- tests\conftest.py PASSED [ 93%]
tests/test_location_model.py::TestCategoryModelAttrs::test_model_attrs[is_published-BooleanField-params1] <- tests\conftest.py PASSED [ 95%]
tests/test_location_model.py::TestCategoryModelAttrs::test_model_attrs[created_at-DateTimeField-params2] <- tests\conftest.py PASSED [ 96%]
tests/test_urls.py::test_blog_urls PASSED                                [ 97%]
tests/test_urls.py::test_pages_urls PASSED                               [ 98%]
tests/test_urls.py::test_blogicum_urls PASSED                            [100%]

======================= 82 passed, 66 warnings in 3.01s =======================
